2026-09-26 05:59:48,751 INFO GET /api/catalog 200 181.3 мс
2026-09-26 05:59:48,769 INFO POST /api/scheme/apply 200 5.3 мс
2026-09-26 05:59:48,782 INFO POST /api/scheme/apply 200 2.9 мс
2026-09-26 05:59:48,790 INFO POST /api/scheme/menu 200 3.3 мс
2026-09-26 05:59:48,792 INFO POST /api/scheme/apply 200 2.9 мс
2026-09-26 05:59:48,802 INFO POST /api/scheme/apply 200 3.3 мс
2026-09-26 05:59:48,812 INFO POST /api/scheme/apply 200 2.5 мс
2026-09-26 05:59:48,812 INFO POST /api/scheme/apply 200 3.1 мс
2026-09-26 05:59:48,824 INFO отказ /api/scheme/apply: К опоре присоединена ЛЭП! Опора не удалена!
2026-09-26 05:59:48,824 INFO POST /api/scheme/apply 409 2.3 мс
2026-09-26 05:59:48,831 INFO POST /api/scheme/apply 200 2.4 мс
2026-09-26 05:59:48,833 INFO отказ /api/scheme/apply: Действие «Пролёт между опорами» недоступно в выбранной точке
2026-09-26 05:59:48,833 INFO POST /api/scheme/apply 409 2.0 мс
2026-09-26 05:59:48,843 INFO неверный запрос /api/scheme/apply: Действие: недопустимое значение
2026-09-26 05:59:48,844 INFO POST /api/scheme/apply 422 1.0 мс
2026-09-26 05:59:48,846 INFO неверный запрос /api/scheme/apply: Точка присоединения, координата x: должно быть числом
2026-09-26 05:59:48,846 INFO POST /api/scheme/apply 422 1.7 мс
2026-09-26 05:59:48,853 INFO неверный запрос /api/scheme/apply: ЛЭП, длина: должно быть больше 0
2026-09-26 05:59:48,853 INFO POST /api/scheme/apply 422 1.0 мс
2026-09-26 05:59:48,873 INFO неверный запрос /api/scheme/apply: Опора, количество ответвлений: должно быть не больше 10
2026-09-26 05:59:48,882 INFO POST /api/scheme/apply 422 20.3 мс
2026-09-26 05:59:48,884 INFO неверный запрос /api/scheme/apply: Трансформатор: ступень ПБВ должна быть от −1 до +1
2026-09-26 05:59:48,884 INFO POST /api/scheme/apply 422 1.1 мс
2026-09-26 05:59:48,894 INFO отказ /api/scheme/apply: Схема не передана
2026-09-26 05:59:48,894 INFO POST /api/scheme/apply 409 1.8 мс
2026-09-26 05:59:48,902 INFO POST /api/scheme/apply 200 2.8 мс
2026-09-26 05:59:48,904 INFO POST /api/exchange/export 200 3.4 мс
2026-09-26 05:59:48,914 INFO POST /api/exchange/import 200 1.9 мс
2026-09-26 05:59:48,944 INFO POST /api/exchange/import 200 25.5 мс
2026-09-26 05:59:48,962 INFO POST /api/exchange/export 200 11.9 мс
2026-09-26 05:59:48,996 INFO POST /api/exchange/import 200 33.4 мс
2026-09-26 05:59:49,025 INFO POST /api/exchange/export 200 16.6 мс
2026-09-26 05:59:49,047 INFO POST /api/exchange/import 200 20.5 мс
2026-09-26 05:59:49,067 INFO POST /api/exchange/export 200 10.9 мс
2026-09-26 05:59:49,108 INFO POST /api/exchange/import 200 34.1 мс
2026-09-26 05:59:49,128 INFO POST /api/exchange/export 200 17.4 мс
2026-09-26 05:59:49,159 INFO POST /api/exchange/import 200 21.7 мс
2026-09-26 05:59:49,179 INFO POST /api/exchange/export 200 10.7 мс
2026-09-26 05:59:49,209 INFO POST /api/exchange/import 200 20.2 мс
2026-09-26 05:59:49,227 INFO POST /api/exchange/export 200 10.3 мс
2026-09-26 05:59:49,268 INFO POST /api/exchange/import 200 33.4 мс
2026-09-26 05:59:49,293 INFO POST /api/exchange/export 200 18.5 мс
2026-09-26 05:59:49,320 INFO POST /api/exchange/import 200 20.3 мс
2026-09-26 05:59:49,330 INFO POST /api/exchange/export 200 9.8 мс
2026-09-26 05:59:49,350 INFO POST /api/exchange/import 200 9.5 мс
2026-09-26 05:59:49,361 INFO POST /api/exchange/export 200 5.2 мс
2026-09-26 05:59:49,391 INFO POST /api/exchange/import 200 27.2 мс
2026-09-26 05:59:49,411 INFO POST /api/exchange/export 200 12.5 мс
2026-09-26 05:59:49,431 INFO POST /api/exchange/import 200 16.6 мс
2026-09-26 05:59:49,441 INFO POST /api/exchange/export 200 8.3 мс
2026-09-26 05:59:49,480 INFO POST /api/exchange/import 200 26.1 мс
2026-09-26 05:59:49,492 INFO POST /api/exchange/export 200 12.3 мс
2026-09-26 05:59:49,520 INFO POST /api/exchange/import 200 16.4 мс
2026-09-26 05:59:49,535 INFO POST /api/exchange/export 200 8.0 мс
2026-09-26 05:59:49,561 INFO POST /api/exchange/import 200 20.4 мс
2026-09-26 05:59:49,573 INFO POST /api/exchange/export 200 10.3 мс
2026-09-26 05:59:49,593 INFO POST /api/exchange/import 200 14.0 мс
2026-09-26 05:59:49,606 INFO POST /api/exchange/export 200 7.0 мс
2026-09-26 05:59:49,626 INFO POST /api/exchange/import 200 13.6 мс
2026-09-26 05:59:49,635 INFO POST /api/exchange/export 200 6.7 мс
2026-09-26 05:59:49,673 INFO POST /api/exchange/import 200 28.1 мс
2026-09-26 05:59:49,686 INFO POST /api/exchange/export 200 12.9 мс
2026-09-26 05:59:49,706 INFO POST /api/exchange/import 200 14.5 мс
2026-09-26 05:59:49,725 INFO POST /api/exchange/export 200 7.4 мс
2026-09-26 05:59:49,727 INFO POST /api/exchange/import 400 1.2 мс
2026-09-26 05:59:49,737 INFO POST /api/exchange/import 400 1.4 мс
2026-09-26 05:59:49,758 INFO POST /api/exchange/import 413 15.6 мс
2026-09-26 05:59:49,768 INFO POST /api/scheme/apply 200 3.8 мс
2026-09-26 05:59:49,768 INFO POST /api/exchange/export 200 1.7 мс
2026-09-26 05:59:49,818 INFO GET /api/openapi.json 200 38.8 мс
2026-09-26 05:59:49,831 INFO POST /api/scheme/apply 200 3.0 мс
2026-09-26 05:59:49,841 INFO неверный запрос /api/exchange/export: Опора № 1, надпись: текст не должен содержать переводов строки и служебных символов
2026-09-26 05:59:49,841 INFO POST /api/exchange/export 422 1.0 мс
2026-09-26 05:59:49,849 INFO POST /api/scheme/apply 200 3.1 мс
2026-09-26 05:59:49,851 INFO неверный запрос /api/exchange/export: Опора № 1, надпись: текст не должен содержать переводов строки и служебных символов
2026-09-26 05:59:49,851 INFO POST /api/exchange/export 422 1.0 мс
2026-09-26 05:59:49,861 INFO POST /api/scheme/apply 200 2.6 мс
2026-09-26 05:59:49,861 INFO неверный запрос /api/exchange/export: Опора № 1, надпись: текст не должен содержать переводов строки и служебных символов
2026-09-26 05:59:49,861 INFO POST /api/exchange/export 422 1.0 мс
2026-09-26 05:59:49,873 INFO POST /api/scheme/apply 200 3.1 мс
2026-09-26 05:59:49,873 INFO неверный запрос /api/exchange/export: Опора № 1, надпись: символ «≤» нельзя сохранить в файл .cir
2026-09-26 05:59:49,880 INFO POST /api/exchange/export 422 1.1 мс
2026-09-26 05:59:49,882 INFO POST /api/scheme/apply 200 2.5 мс
2026-09-26 05:59:49,890 INFO неверный запрос /api/exchange/export: Опора № 1, надпись: символ «中» нельзя сохранить в файл .cir
2026-09-26 05:59:49,890 INFO POST /api/exchange/export 422 1.0 мс
2026-09-26 05:59:49,890 INFO POST /api/scheme/apply 200 3.1 мс
2026-09-26 05:59:49,902 INFO неверный запрос /api/scheme/apply: Потребитель, тип потребителя: недопустимое значение
2026-09-26 05:59:49,902 INFO POST /api/scheme/apply 422 1.1 мс
2026-09-26 05:59:49,910 INFO POST /api/scheme/apply 200 2.8 мс
2026-09-26 05:59:49,912 INFO неверный запрос /api/scheme/apply: Опора № 1, количество ответвлений: должно быть не больше 100
2026-09-26 05:59:49,912 INFO POST /api/scheme/apply 422 1.0 мс
2026-09-26 05:59:49,923 INFO POST /api/scheme/apply 200 3.1 мс
2026-09-26 05:59:49,952 INFO неверный запрос /api/exchange/export: Lines: слишком много элементов (не более 1200)
2026-09-26 05:59:49,952 INFO POST /api/exchange/export 422 19.3 мс
2026-09-26 05:59:50,058 INFO POST /api/exchange/import 400 82.7 мс
2026-09-26 05:59:50,068 INFO POST /api/scheme/apply 200 2.9 мс
2026-09-26 05:59:50,078 INFO неверный запрос /api/exchange/export: ЛЭП № 1, длина: должно быть конечным числом
2026-09-26 05:59:50,078 INFO POST /api/exchange/export 422 1.2 мс
2026-09-26 05:59:50,078 INFO неверный запрос /api/scheme/apply: ЛЭП, длина: должно быть числом
2026-09-26 05:59:50,078 INFO POST /api/scheme/apply 422 0.9 мс
2026-09-26 05:59:50,088 INFO POST /api/scheme/apply 200 2.6 мс
2026-09-26 05:59:50,097 INFO POST /api/exchange/export 200 2.0 мс
2026-09-26 05:59:50,099 INFO POST /api/scheme/form 200 4.1 мс
2026-09-26 05:59:50,107 INFO POST /api/scheme/apply 200 2.6 мс
2026-09-26 05:59:50,119 INFO POST /api/scheme/apply 200 3.3 мс
2026-09-26 05:59:50,119 INFO POST /api/scheme/form 200 2.0 мс
2026-09-26 05:59:50,129 INFO GET /api/scheme/titles 200 1.2 мс
2026-09-26 05:59:50,140 INFO POST /api/scheme/apply 200 3.0 мс
2026-09-26 05:59:50,140 INFO POST /api/scheme/menu 200 2.2 мс
2026-09-26 05:59:50,150 INFO POST /api/scheme/apply 200 2.7 мс
2026-09-26 05:59:50,160 INFO POST /api/scheme/apply 200 3.7 мс
2026-09-26 05:59:50,201 INFO POST /api/exchange/import 200 34.8 мс
2026-09-26 05:59:50,242 INFO POST /api/scheme/apply 200 33.7 мс
2026-09-26 05:59:50,263 INFO POST /api/exchange/export 200 16.3 мс
2026-09-26 05:59:50,294 INFO POST /api/exchange/import 200 20.1 мс
2026-09-26 05:59:50,314 INFO POST /api/scheme/apply 200 21.3 мс
2026-09-26 05:59:50,335 INFO POST /api/exchange/export 200 9.5 мс
2026-09-26 05:59:50,366 INFO POST /api/exchange/import 200 30.6 мс
2026-09-26 05:59:50,407 INFO POST /api/scheme/apply 200 31.5 мс
2026-09-26 05:59:50,449 INFO POST /api/exchange/export 200 16.7 мс
2026-09-26 05:59:50,459 INFO POST /api/exchange/import 413 0.1 мс
2026-09-26 05:59:58,942 INFO GET /api/scheme/titles 200 1.0 мс
2026-09-26 05:59:59,073 INFO GET /api/catalog 200 92.8 мс
2026-09-26 05:59:59,567 INFO GET /api/scheme/titles 200 1.0 мс
2026-09-26 05:59:59,589 INFO GET /api/catalog 200 23.4 мс
2026-09-26 05:59:59,659 INFO POST /api/scheme/form 200 2.5 мс
2026-09-26 05:59:59,799 INFO POST /api/scheme/apply 200 3.7 мс
2026-09-26 06:00:00,381 INFO GET /api/scheme/titles 200 1.2 мс
2026-09-26 06:00:00,408 INFO GET /api/catalog 200 24.4 мс
2026-09-26 06:00:00,504 INFO POST /api/scheme/form 200 1.3 мс
2026-09-26 06:00:00,748 INFO POST /api/scheme/apply 200 2.0 мс
2026-09-26 06:00:01,220 INFO POST /api/scheme/menu 200 2.4 мс
2026-09-26 06:00:01,248 INFO POST /api/scheme/form 200 1.4 мс
2026-09-26 06:00:01,428 INFO POST /api/scheme/apply 200 2.1 мс
2026-09-26 06:00:01,904 INFO POST /api/scheme/menu 200 2.5 мс
2026-09-26 06:00:01,936 INFO POST /api/scheme/form 200 2.0 мс
2026-09-26 06:00:02,131 INFO POST /api/scheme/apply 200 2.3 мс
2026-09-26 06:00:02,599 INFO POST /api/scheme/menu 200 1.9 мс
2026-09-26 06:00:02,628 INFO POST /api/scheme/form 200 1.4 мс
2026-09-26 06:00:02,741 INFO POST /api/scheme/apply 200 2.7 мс
2026-09-26 06:00:02,742 INFO POST /api/scheme/menu 200 1.8 мс
2026-09-26 06:00:03,208 INFO POST /api/scheme/menu 200 2.0 мс
2026-09-26 06:00:03,246 INFO POST /api/scheme/form 200 1.6 мс
2026-09-26 06:00:03,485 INFO POST /api/scheme/apply 200 4.4 мс
2026-09-26 06:00:03,940 INFO POST /api/scheme/menu 200 2.1 мс
2026-09-26 06:00:03,971 INFO POST /api/scheme/form 200 1.4 мс
2026-09-26 06:00:04,095 INFO POST /api/scheme/apply 200 3.0 мс
2026-09-26 06:00:04,100 INFO POST /api/scheme/menu 200 1.9 мс
2026-09-26 06:00:04,554 INFO POST /api/scheme/menu 200 2.0 мс
2026-09-26 06:00:04,593 INFO POST /api/scheme/form 200 1.8 мс
2026-09-26 06:00:04,784 INFO POST /api/scheme/apply 200 3.9 мс
2026-09-26 06:00:05,248 INFO POST /api/scheme/menu 200 2.4 мс
2026-09-26 06:00:05,278 INFO POST /api/scheme/form 200 1.6 мс
2026-09-26 06:00:05,457 INFO POST /api/scheme/apply 200 3.3 мс
2026-09-26 06:00:06,019 INFO POST /api/exchange/export 200 2.2 мс
2026-09-26 06:00:06,342 INFO GET /api/scheme/titles 200 0.9 мс
2026-09-26 06:00:06,381 INFO GET /api/catalog 200 33.9 мс
2026-09-26 06:00:06,455 INFO POST /api/scheme/form 200 1.4 мс
2026-09-26 06:00:06,692 INFO POST /api/scheme/apply 200 2.2 мс
2026-09-26 06:00:07,158 INFO POST /api/scheme/menu 200 1.8 мс
2026-09-26 06:00:07,185 INFO POST /api/scheme/form 200 1.3 мс
2026-09-26 06:00:07,359 INFO POST /api/scheme/apply 200 2.2 мс
2026-09-26 06:00:07,817 INFO POST /api/scheme/menu 200 1.9 мс
2026-09-26 06:00:07,847 INFO POST /api/scheme/form 200 1.6 мс
2026-09-26 06:00:08,017 INFO POST /api/scheme/apply 200 2.4 мс
2026-09-26 06:00:08,491 INFO POST /api/scheme/menu 200 2.2 мс
2026-09-26 06:00:08,523 INFO POST /api/scheme/form 200 1.4 мс
2026-09-26 06:00:08,644 INFO POST /api/scheme/apply 200 2.5 мс
2026-09-26 06:00:08,645 INFO POST /api/scheme/menu 200 1.7 мс
2026-09-26 06:00:09,101 INFO POST /api/scheme/menu 200 1.9 мс
2026-09-26 06:00:09,131 INFO POST /api/scheme/form 200 1.4 мс
2026-09-26 06:00:09,310 INFO POST /api/scheme/apply 200 2.9 мс
2026-09-26 06:00:09,788 INFO POST /api/scheme/menu 200 2.1 мс
2026-09-26 06:00:09,816 INFO POST /api/scheme/form 200 1.5 мс
2026-09-26 06:00:09,929 INFO POST /api/scheme/apply 200 3.0 мс
2026-09-26 06:00:09,929 INFO POST /api/scheme/menu 200 1.9 мс
2026-09-26 06:00:10,387 INFO POST /api/scheme/menu 200 2.1 мс
2026-09-26 06:00:10,422 INFO POST /api/scheme/form 200 1.3 мс
2026-09-26 06:00:10,595 INFO POST /api/scheme/apply 200 3.2 мс
2026-09-26 06:00:11,073 INFO POST /api/scheme/menu 200 2.3 мс
2026-09-26 06:00:11,096 INFO POST /api/scheme/form 200 1.3 мс
2026-09-26 06:00:11,256 INFO POST /api/scheme/apply 200 3.3 мс
2026-09-26 06:00:11,539 INFO POST /api/scheme/form 200 1.9 мс
2026-09-26 06:00:11,666 INFO POST /api/scheme/apply 200 3.7 мс
2026-09-26 06:00:11,672 INFO POST /api/scheme/menu 200 2.0 мс
2026-09-26 06:00:12,137 INFO POST /api/scheme/menu 200 2.2 мс
2026-09-26 06:00:12,159 INFO POST /api/scheme/form 200 1.6 мс
2026-09-26 06:00:12,325 INFO POST /api/scheme/apply 200 4.0 мс
2026-09-26 06:00:12,785 INFO POST /api/scheme/menu 200 2.7 мс
2026-09-26 06:00:12,814 INFO POST /api/scheme/form 200 1.4 мс
2026-09-26 06:00:12,930 INFO POST /api/scheme/apply 200 4.7 мс
2026-09-26 06:00:12,938 INFO POST /api/scheme/menu 200 2.4 мс
2026-09-26 06:00:13,395 INFO POST /api/scheme/menu 200 3.0 мс
2026-09-26 06:00:13,432 INFO POST /api/scheme/form 200 1.4 мс
2026-09-26 06:00:13,568 INFO POST /api/scheme/apply 200 4.4 мс
2026-09-26 06:00:13,575 INFO POST /api/scheme/menu 200 2.2 мс
2026-09-26 06:00:14,026 INFO POST /api/scheme/menu 200 2.8 мс
2026-09-26 06:00:14,056 INFO POST /api/scheme/form 200 1.4 мс
2026-09-26 06:00:14,181 INFO POST /api/scheme/apply 200 4.8 мс
2026-09-26 06:00:14,187 INFO POST /api/scheme/menu 200 2.5 мс
2026-09-26 06:00:14,854 INFO POST /api/scheme/apply 200 3.3 мс
2026-09-26 06:00:14,866 INFO POST /api/scheme/menu 200 3.9 мс
2026-09-26 06:00:15,187 INFO POST /api/scheme/menu 200 3.2 мс
2026-09-26 06:00:15,218 INFO POST /api/scheme/form 200 1.5 мс
2026-09-26 06:00:15,389 INFO POST /api/scheme/apply 200 4.6 мс
2026-09-26 06:00:16,048 INFO POST /api/scheme/apply 200 2.9 мс
2026-09-26 06:00:16,057 INFO POST /api/scheme/menu 200 2.6 мс
2026-09-26 06:00:16,456 INFO POST /api/exchange/export 200 2.6 мс
2026-09-26 06:00:16,713 INFO GET /api/scheme/titles 200 0.9 мс
2026-09-26 06:00:16,728 INFO GET /api/catalog 200 21.5 мс
2026-09-26 06:00:16,802 INFO POST /api/scheme/form 200 1.4 мс
2026-09-26 06:00:17,031 INFO POST /api/scheme/apply 200 1.8 мс
2026-09-26 06:00:17,491 INFO POST /api/scheme/menu 200 1.6 мс
2026-09-26 06:00:17,525 INFO POST /api/scheme/form 200 1.3 мс
2026-09-26 06:00:17,713 INFO POST /api/scheme/apply 200 2.4 мс
2026-09-26 06:00:18,167 INFO POST /api/scheme/menu 200 1.8 мс
2026-09-26 06:00:18,197 INFO POST /api/scheme/form 200 1.6 мс
2026-09-26 06:00:18,366 INFO POST /api/scheme/apply 200 2.1 мс
2026-09-26 06:00:18,829 INFO POST /api/scheme/menu 200 1.9 мс
2026-09-26 06:00:18,852 INFO POST /api/scheme/form 200 1.3 мс
2026-09-26 06:00:18,977 INFO POST /api/scheme/apply 200 2.7 мс
2026-09-26 06:00:18,982 INFO POST /api/scheme/menu 200 1.7 мс
2026-09-26 06:00:19,443 INFO POST /api/scheme/menu 200 1.9 мс
2026-09-26 06:00:19,471 INFO POST /api/scheme/form 200 1.2 мс
2026-09-26 06:00:19,643 INFO POST /api/scheme/apply 200 2.9 мс
2026-09-26 06:00:20,110 INFO POST /api/scheme/menu 200 2.5 мс
2026-09-26 06:00:20,137 INFO POST /api/scheme/form 200 1.2 мс
2026-09-26 06:00:20,262 INFO POST /api/scheme/apply 200 3.0 мс
2026-09-26 06:00:20,262 INFO POST /api/scheme/menu 200 1.6 мс
2026-09-26 06:00:20,720 INFO POST /api/scheme/menu 200 2.0 мс
2026-09-26 06:00:20,755 INFO POST /api/scheme/form 200 1.5 мс
2026-09-26 06:00:20,922 INFO POST /api/scheme/apply 200 3.5 мс
2026-09-26 06:00:21,393 INFO POST /api/scheme/menu 200 3.2 мс
2026-09-26 06:00:21,434 INFO POST /api/scheme/form 200 1.6 мс
2026-09-26 06:00:21,630 INFO POST /api/scheme/apply 200 3.4 мс
2026-09-26 06:00:22,324 INFO POST /api/scheme/apply 200 2.3 мс
2026-09-26 06:00:22,915 INFO POST /api/scheme/apply 200 2.4 мс
2026-09-26 06:00:23,461 INFO POST /api/scheme/apply 200 2.3 мс
2026-09-26 06:00:24,011 INFO POST /api/scheme/apply 200 2.2 мс
2026-09-26 06:00:24,538 INFO POST /api/scheme/apply 200 2.2 мс
2026-09-26 06:00:25,086 INFO POST /api/scheme/apply 200 2.1 мс
2026-09-26 06:00:25,614 INFO POST /api/scheme/apply 200 2.1 мс
2026-09-26 06:00:25,940 INFO POST /api/scheme/menu 200 2.3 мс
2026-09-26 06:00:25,973 INFO POST /api/scheme/form 200 1.6 мс
2026-09-26 06:00:26,012 INFO POST /api/scheme/apply 200 3.5 мс
2026-09-26 06:00:26,018 INFO POST /api/scheme/menu 200 2.2 мс
2026-09-26 06:00:26,478 INFO POST /api/scheme/menu 200 2.3 мс
2026-09-26 06:00:26,509 INFO POST /api/scheme/form 200 1.6 мс
2026-09-26 06:00:26,548 INFO POST /api/scheme/apply 200 4.0 мс
2026-09-26 06:00:27,087 INFO POST /api/exchange/export 200 1.9 мс
2026-09-26 06:00:27,347 INFO GET /api/scheme/titles 200 0.8 мс
2026-09-26 06:00:27,372 INFO GET /api/catalog 200 20.4 мс
2026-09-26 06:00:27,435 INFO POST /api/scheme/form 200 1.2 мс
2026-09-26 06:00:27,492 INFO POST /api/scheme/apply 200 2.3 мс
2026-09-26 06:00:27,956 INFO POST /api/scheme/menu 200 1.7 мс
2026-09-26 06:00:27,984 INFO POST /api/scheme/form 200 1.3 мс
2026-09-26 06:00:28,031 INFO POST /api/scheme/apply 200 1.9 мс
2026-09-26 06:00:28,499 INFO POST /api/scheme/menu 200 1.5 мс
2026-09-26 06:00:28,529 INFO POST /api/scheme/form 200 1.4 мс
2026-09-26 06:00:28,560 INFO POST /api/scheme/apply 200 2.2 мс
2026-09-26 06:00:28,569 INFO POST /api/scheme/menu 200 1.5 мс
2026-09-26 06:00:28,863 INFO POST /api/scheme/form 200 1.7 мс
2026-09-26 06:00:28,900 INFO POST /api/scheme/apply 200 2.5 мс
2026-09-26 06:00:28,903 INFO POST /api/scheme/menu 200 1.7 мс
2026-09-26 06:00:29,361 INFO POST /api/scheme/menu 200 1.8 мс
2026-09-26 06:00:29,386 INFO POST /api/scheme/form 200 1.6 мс
2026-09-26 06:00:29,428 INFO POST /api/scheme/apply 200 2.7 мс
2026-09-26 06:00:29,428 INFO POST /api/scheme/menu 200 1.8 мс
2026-09-26 06:00:29,965 INFO POST /api/exchange/export 200 1.3 мс
2026-09-26 06:00:30,223 INFO GET /api/scheme/titles 200 0.8 мс
2026-09-26 06:00:30,248 INFO GET /api/catalog 200 25.3 мс
2026-09-26 06:00:30,309 INFO POST /api/scheme/form 200 1.3 мс
2026-09-26 06:00:30,540 INFO POST /api/scheme/apply 200 2.7 мс
2026-09-26 06:00:31,005 INFO POST /api/scheme/menu 200 2.0 мс
2026-09-26 06:00:31,037 INFO POST /api/scheme/form 200 1.1 мс
2026-09-26 06:00:31,074 INFO POST /api/scheme/apply 200 2.9 мс
2026-09-26 06:00:31,080 INFO POST /api/scheme/menu 200 1.6 мс
2026-09-26 06:00:31,540 INFO POST /api/scheme/menu 200 1.7 мс
2026-09-26 06:00:31,571 INFO POST /api/scheme/form 200 1.4 мс
2026-09-26 06:00:31,650 INFO POST /api/scheme/apply 200 2.5 мс
2026-09-26 06:00:32,116 INFO POST /api/scheme/menu 200 1.9 мс
2026-09-26 06:00:32,146 INFO POST /api/scheme/form 200 1.4 мс
2026-09-26 06:00:32,178 INFO POST /api/scheme/apply 200 2.4 мс
2026-09-26 06:00:32,717 INFO POST /api/exchange/export 200 1.2 мс
2026-09-26 06:00:32,969 INFO GET /api/scheme/titles 200 0.9 мс
2026-09-26 06:00:32,991 INFO GET /api/catalog 200 21.5 мс
2026-09-26 06:00:33,058 INFO POST /api/scheme/form 200 1.3 мс
2026-09-26 06:00:33,309 INFO POST /api/scheme/apply 200 1.9 мс
2026-09-26 06:00:33,768 INFO POST /api/scheme/menu 200 1.5 мс
2026-09-26 06:00:33,803 INFO POST /api/scheme/form 200 1.7 мс
2026-09-26 06:00:33,928 INFO POST /api/scheme/apply 200 2.0 мс
2026-09-26 06:00:33,935 INFO POST /api/scheme/menu 200 1.6 мс
2026-09-26 06:00:34,226 INFO POST /api/scheme/undo 200 2.5 мс
2026-09-26 06:00:34,577 INFO POST /api/scheme/menu 200 1.8 мс
2026-09-26 06:00:34,605 INFO POST /api/scheme/form 200 1.3 мс
2026-09-26 06:00:34,648 INFO POST /api/scheme/apply 200 1.9 мс
2026-09-26 06:00:34,651 INFO POST /api/scheme/menu 200 1.7 мс
2026-09-26 06:00:35,109 INFO POST /api/scheme/menu 200 2.4 мс
2026-09-26 06:00:35,137 INFO POST /api/scheme/form 200 1.2 мс
2026-09-26 06:00:35,324 INFO POST /api/scheme/apply 200 2.5 мс
2026-09-26 06:00:36,014 INFO POST /api/scheme/apply 200 1.8 мс
2026-09-26 06:00:36,019 INFO POST /api/scheme/menu 200 2.2 мс
2026-09-26 06:00:36,169 INFO POST /api/scheme/undo 200 1.7 мс
2026-09-26 06:00:36,721 INFO POST /api/scheme/apply 200 1.8 мс
2026-09-26 06:00:36,727 INFO POST /api/scheme/menu 200 1.9 мс
2026-09-26 06:00:37,047 INFO POST /api/scheme/menu 200 1.7 мс
2026-09-26 06:00:37,074 INFO POST /api/scheme/form 200 1.6 мс
2026-09-26 06:00:37,247 INFO POST /api/scheme/apply 200 2.7 мс
2026-09-26 06:00:37,551 INFO POST /api/scheme/undo 200 1.7 мс
2026-09-26 06:00:37,745 INFO POST /api/scheme/undo 200 1.9 мс
2026-09-26 06:00:38,177 INFO POST /api/exchange/export 200 1.3 мс
2026-09-26 06:00:38,432 INFO GET /api/scheme/titles 200 0.8 мс
2026-09-26 06:00:38,456 INFO GET /api/catalog 200 23.5 мс
2026-09-26 06:00:38,516 INFO POST /api/scheme/form 200 1.2 мс
2026-09-26 06:00:38,753 INFO POST /api/scheme/apply 200 1.9 мс
2026-09-26 06:00:39,046 INFO POST /api/scheme/form 200 1.4 мс
2026-09-26 06:00:39,164 INFO POST /api/scheme/apply 200 2.2 мс
2026-09-26 06:00:39,165 INFO POST /api/scheme/menu 200 1.5 мс
2026-09-26 06:00:39,456 INFO POST /api/scheme/undo 200 1.6 мс
2026-09-26 06:00:39,823 INFO POST /api/scheme/menu 200 2.0 мс
2026-09-26 06:00:39,855 INFO POST /api/scheme/form 200 1.5 мс
2026-09-26 06:00:39,906 INFO POST /api/scheme/apply 200 2.1 мс
2026-09-26 06:00:39,909 INFO POST /api/scheme/menu 200 1.4 мс
2026-09-26 06:00:40,192 INFO POST /api/scheme/form 200 1.3 мс
2026-09-26 06:00:40,309 INFO POST /api/scheme/apply 200 2.5 мс
2026-09-26 06:00:40,311 INFO POST /api/scheme/menu 200 1.6 мс
2026-09-26 06:00:40,838 INFO POST /api/exchange/export 200 1.1 мс
2026-09-26 06:00:41,109 INFO GET /api/scheme/titles 200 0.8 мс
2026-09-26 06:00:41,130 INFO GET /api/catalog 200 22.5 мс
2026-09-26 06:00:41,197 INFO POST /api/scheme/form 200 1.3 мс
2026-09-26 06:00:41,427 INFO POST /api/scheme/apply 200 1.9 мс
2026-09-26 06:00:41,727 INFO POST /api/scheme/undo 200 1.4 мс
2026-09-26 06:00:42,078 INFO POST /api/scheme/menu 200 1.8 мс
2026-09-26 06:00:42,110 INFO POST /api/scheme/form 200 1.5 мс
2026-09-26 06:00:42,164 INFO POST /api/scheme/apply 200 2.2 мс
2026-09-26 06:00:42,168 INFO POST /api/scheme/menu 200 1.5 мс
2026-09-26 06:00:42,456 INFO POST /api/scheme/form 200 1.3 мс
2026-09-26 06:00:42,573 INFO POST /api/scheme/apply 200 2.3 мс
2026-09-26 06:00:42,575 INFO POST /api/scheme/menu 200 1.5 мс
2026-09-26 06:00:43,044 INFO POST /api/scheme/menu 200 1.8 мс
2026-09-26 06:00:43,067 INFO POST /api/scheme/form 200 1.4 мс
2026-09-26 06:00:43,184 INFO POST /api/scheme/apply 200 2.4 мс
2026-09-26 06:00:43,188 INFO POST /api/scheme/menu 200 1.7 мс
2026-09-26 06:00:43,718 INFO POST /api/exchange/export 200 1.2 мс
2026-09-26 06:00:43,970 INFO GET /api/scheme/titles 200 0.9 мс
2026-09-26 06:00:43,998 INFO GET /api/catalog 200 24.5 мс
2026-09-26 06:00:44,058 INFO POST /api/scheme/form 200 1.2 мс
2026-09-26 06:00:44,281 INFO POST /api/scheme/apply 200 1.9 мс
2026-09-26 06:00:44,578 INFO POST /api/scheme/form 200 1.3 мс
2026-09-26 06:00:44,692 INFO POST /api/scheme/apply 200 2.8 мс
2026-09-26 06:00:44,694 INFO POST /api/scheme/menu 200 1.5 мс
2026-09-26 06:00:45,157 INFO POST /api/scheme/menu 200 1.8 мс
2026-09-26 06:00:45,189 INFO POST /api/scheme/form 200 1.4 мс
2026-09-26 06:00:45,358 INFO POST /api/scheme/apply 200 2.6 мс
2026-09-26 06:00:46,012 INFO POST /api/scheme/apply 200 1.9 мс
2026-09-26 06:00:46,018 INFO POST /api/scheme/menu 200 2.1 мс
2026-09-26 06:00:46,541 INFO POST /api/scheme/apply 200 1.8 мс
2026-09-26 06:00:46,547 INFO POST /api/scheme/menu 200 2.1 мс
2026-09-26 06:00:46,866 INFO POST /api/scheme/menu 200 1.7 мс
2026-09-26 06:00:46,898 INFO POST /api/scheme/form 200 2.2 мс
2026-09-26 06:00:47,018 INFO POST /api/scheme/apply 200 2.4 мс
2026-09-26 06:00:47,019 INFO POST /api/scheme/menu 200 1.7 мс
2026-09-26 06:00:47,474 INFO POST /api/scheme/menu 200 1.7 мс
2026-09-26 06:00:47,498 INFO POST /api/scheme/form 200 1.8 мс
2026-09-26 06:00:47,623 INFO POST /api/scheme/apply 200 3.2 мс
2026-09-26 06:00:47,629 INFO POST /api/scheme/menu 200 2.0 мс
2026-09-26 06:00:48,290 INFO POST /api/scheme/apply 200 1.8 мс
2026-09-26 06:00:48,295 INFO POST /api/scheme/menu 200 1.8 мс
2026-09-26 06:00:48,811 INFO POST /api/scheme/apply 200 1.9 мс
2026-09-26 06:00:48,816 INFO POST /api/scheme/menu 200 1.7 мс
2026-09-26 06:00:49,134 INFO POST /api/scheme/menu 200 1.8 мс
2026-09-26 06:00:49,167 INFO POST /api/scheme/form 200 1.8 мс
2026-09-26 06:00:49,358 INFO POST /api/scheme/apply 200 2.6 мс
2026-09-26 06:00:49,828 INFO POST /api/scheme/menu 200 1.9 мс
2026-09-26 06:00:50,028 INFO POST /api/scheme/menu 200 1.7 мс
2026-09-26 06:00:50,064 INFO POST /api/scheme/form 200 1.5 мс
2026-09-26 06:00:50,178 INFO POST /api/scheme/apply 200 2.9 мс
2026-09-26 06:00:50,184 INFO POST /api/scheme/menu 200 1.8 мс
2026-09-26 06:00:50,713 INFO POST /api/exchange/export 200 1.4 мс
2026-09-26 06:00:50,970 INFO GET /api/scheme/titles 200 0.9 мс
2026-09-26 06:00:51,002 INFO GET /api/catalog 200 27.9 мс
2026-09-26 06:00:51,065 INFO POST /api/scheme/form 200 1.3 мс
2026-09-26 06:00:51,281 INFO POST /api/scheme/apply 200 2.0 мс
2026-09-26 06:00:51,748 INFO POST /api/scheme/menu 200 2.3 мс
2026-09-26 06:00:51,781 INFO POST /api/scheme/form 200 1.6 мс
2026-09-26 06:00:51,900 INFO POST /api/scheme/apply 200 2.4 мс
2026-09-26 06:00:51,902 INFO POST /api/scheme/menu 200 1.6 мс
2026-09-26 06:00:52,361 INFO POST /api/scheme/menu 200 1.7 мс
2026-09-26 06:00:52,386 INFO POST /api/scheme/form 200 1.3 мс
2026-09-26 06:00:52,566 INFO POST /api/scheme/apply 200 2.4 мс
2026-09-26 06:00:53,228 INFO POST /api/scheme/apply 200 2.0 мс
2026-09-26 06:00:53,235 INFO POST /api/scheme/menu 200 2.4 мс
2026-09-26 06:00:53,762 INFO POST /api/scheme/apply 200 1.9 мс
2026-09-26 06:00:53,768 INFO POST /api/scheme/menu 200 1.7 мс
2026-09-26 06:00:54,081 INFO POST /api/scheme/menu 200 1.6 мс
2026-09-26 06:00:54,109 INFO POST /api/scheme/form 200 1.6 мс
2026-09-26 06:00:54,160 INFO POST /api/scheme/apply 200 2.2 мс
2026-09-26 06:00:54,164 INFO POST /api/scheme/menu 200 1.7 мс
2026-09-26 06:00:54,628 INFO POST /api/scheme/menu 200 1.8 мс
2026-09-26 06:00:54,660 INFO POST /api/scheme/form 200 1.3 мс
2026-09-26 06:00:54,768 INFO POST /api/scheme/apply 200 2.2 мс
2026-09-26 06:00:55,221 INFO POST /api/scheme/menu 200 1.7 мс
2026-09-26 06:00:55,497 INFO POST /api/exchange/export 200 1.2 мс
2026-09-26 06:00:55,761 INFO GET /api/scheme/titles 200 0.7 мс
2026-09-26 06:00:55,789 INFO GET /api/catalog 200 26.7 мс
2026-09-26 06:00:55,851 INFO POST /api/scheme/form 200 1.5 мс
2026-09-26 06:00:55,887 INFO POST /api/scheme/apply 200 2.0 мс
2026-09-26 06:00:56,344 INFO POST /api/scheme/menu 200 1.6 мс
2026-09-26 06:00:56,814 INFO POST /api/scheme/apply 200 1.5 мс
2026-09-26 06:00:57,436 INFO GET /api/scheme/titles 200 1.0 мс
2026-09-26 06:00:57,463 INFO GET /api/catalog 200 24.8 мс
2026-09-26 06:00:57,525 INFO POST /api/scheme/form 200 1.5 мс
2026-09-26 06:00:57,562 INFO POST /api/scheme/apply 200 3.3 мс
2026-09-26 06:00:58,032 INFO POST /api/scheme/menu 200 2.0 мс
2026-09-26 06:00:58,062 INFO POST /api/scheme/form 200 1.4 мс
2026-09-26 06:00:58,087 INFO POST /api/scheme/apply 200 2.9 мс
2026-09-26 06:00:58,094 INFO POST /api/scheme/menu 200 2.4 мс
2026-09-26 06:00:58,748 INFO отказ /api/scheme/apply: К опоре присоединена ЛЭП! Опора не удалена!
2026-09-26 06:00:58,749 INFO POST /api/scheme/apply 409 1.3 мс
2026-09-26 06:00:58,962 INFO POST /api/scheme/menu 200 1.7 мс
2026-09-26 06:00:58,990 INFO POST /api/scheme/form 200 1.6 мс
2026-09-26 06:00:59,067 INFO POST /api/scheme/undo 200 1.7 мс
2026-09-26 06:00:59,525 INFO GET /api/scheme/titles 200 0.7 мс
2026-09-26 06:00:59,559 INFO GET /api/catalog 200 25.6 мс
2026-09-26 06:00:59,623 INFO POST /api/scheme/form 200 2.6 мс
2026-09-26 06:01:00,280 INFO GET /api/scheme/titles 200 1.1 мс
2026-09-26 06:01:00,310 INFO GET /api/catalog 200 27.5 мс
2026-09-26 06:01:00,386 INFO POST /api/exchange/import 200 12.6 мс
2026-09-26 06:01:00,573 INFO POST /api/exchange/export 200 6.3 мс
2026-09-26 06:01:00,838 INFO GET /api/scheme/titles 200 0.9 мс
2026-09-26 06:01:00,865 INFO GET /api/catalog 200 23.2 мс
2026-09-26 06:01:00,928 INFO POST /api/exchange/import 200 11.9 мс
2026-09-26 06:01:01,143 INFO POST /api/exchange/export 200 7.8 мс
2026-09-26 06:01:01,407 INFO GET /api/scheme/titles 200 1.2 мс
2026-09-26 06:01:01,435 INFO GET /api/catalog 200 24.6 мс
2026-09-26 06:01:01,497 INFO POST /api/exchange/import 200 9.1 мс
2026-09-26 06:01:01,678 INFO POST /api/exchange/export 200 6.0 мс
2026-09-26 06:01:01,967 INFO GET /api/scheme/titles 200 1.0 мс
2026-09-26 06:01:02,000 INFO GET /api/catalog 200 26.9 мс
2026-09-26 06:01:02,058 INFO POST /api/scheme/form 200 1.4 мс
2026-09-26 06:01:02,094 INFO POST /api/scheme/apply 200 1.8 мс
2026-09-26 06:01:03,093 INFO GET /api/scheme/titles 200 0.9 мс
2026-09-26 06:01:03,115 INFO GET /api/catalog 200 22.4 мс
2026-09-26 06:01:03,185 INFO POST /api/exchange/import 200 12.9 мс
2026-09-26 06:01:05,706 INFO POST /api/scheme/apply 200 16.5 мс
2026-09-26 06:01:08,213 INFO POST /api/scheme/apply 200 15.7 мс
2026-09-26 06:01:08,406 INFO POST /api/exchange/export 200 8.0 мс
2026-09-26 06:01:08,690 INFO GET /api/scheme/titles 200 0.9 мс
2026-09-26 06:01:08,712 INFO GET /api/catalog 200 21.8 мс
2026-09-26 06:01:08,782 INFO POST /api/scheme/form 200 1.5 мс
2026-09-26 06:01:08,837 INFO POST /api/scheme/apply 200 1.7 мс
2026-09-26 06:01:09,302 INFO POST /api/scheme/menu 200 1.5 мс
2026-09-26 06:01:09,337 INFO POST /api/scheme/form 200 1.4 мс
2026-09-26 06:01:09,455 INFO POST /api/scheme/apply 200 2.3 мс
2026-09-26 06:01:09,457 INFO POST /api/scheme/menu 200 1.5 мс
2026-09-26 06:01:10,318 INFO GET /api/scheme/titles 200 1.7 мс
2026-09-26 06:01:10,358 INFO GET /api/catalog 200 39.1 мс
